// Jest Snapshot v1, https://goo.gl/fbAQLP

exports[`About Component matches snapshot 1`] = `
<DocumentFragment>
  <div
    class="about"
  >
    <div
      class="about__wrapper"
    >
      <div
        class="about__main"
      >
        <div
          class="about__top"
        >
          <img
            alt="sailing yacht in ocean"
            src="about.jpg"
          />
        </div>
        <div
          class="about__bottom"
        >
          <div>
            <h2>
              Why
            </h2>
            <p>
              Sailing allows one to escape from the hustle and bustle of everyday life and immerse in the beauty of nature. From the sensation of the wind, the sound of the waves, and the sun shining brightly create a sense of freedom and tranquility hard to replicate.
            </p>
            <p>
              Sailing provides a unique opportunity to bond with nature and create life-lasting memories throughout each journey. No matter the level of expertise, from beginner to a seasoned sailor, one becomes confident and energized to travel on the waters.
            </p>
          </div>
          <div>
            <h2>
              Wind
            </h2>
            <p>
              Wind is an important factor when sailing because it provides the power necessary to move the sailboat through the water. The wind's force on the sail generates a forward thrust that propels the boat forward. The sailboat's speed and direction are determined by the wind direction and the angle of the sail relative to the wind. A sailor must understand how to use the wind to their advantage in order to control the boat's speed and direction.
            </p>
            <p>
              For example, by adjusting the sail's angle and shape, a sailor can harness the wind's energy to achieve maximum speed, or change direction by tacking or jibing. Understanding how to read and respond to changes in wind direction and speed is essential for a sailor to navigate safely and efficiently. In addition to propulsion, wind also affects a sailboat's stability and maneuverability. Strong winds can make the boat unstable, and gusts of wind can cause the boat to heel (tilt) and change direction suddenly. Sailors must be skilled at handling the boat in different wind conditions and adjusting their sail plan accordingly.
            </p>
          </div>
        </div>
      </div>
    </div>
  </div>
</DocumentFragment>
`;
